$ node --experimental-strip-types --test
TAP version 13
# Subtest: admin UI presents dynamic routing scopes instead of expanded product lists
ok 1 - admin UI presents dynamic routing scopes instead of expanded product lists
  ---
  duration_ms: 2.96521
  type: 'test'
  ...
# Subtest: agent active conversation reads use a dedicated partial index
ok 2 - agent active conversation reads use a dedicated partial index
  ---
  duration_ms: 1.045323
  type: 'test'
  ...
# Subtest: transfer target load counts only candidate agents
ok 3 - transfer target load counts only candidate agents
  ---
  duration_ms: 0.367386
  type: 'test'
  ...
# Subtest: direct transfer capacity checks only the requested target agent
ok 4 - direct transfer capacity checks only the requested target agent
  ---
  duration_ms: 1.3537
  type: 'test'
  ...
# Subtest: realtime reconnect uses capped exponential backoff with jitter
ok 5 - realtime reconnect uses capped exponential backoff with jitter
  ---
  duration_ms: 2.006878
  type: 'test'
  ...
# Subtest: agent workspace exposes explicit connection states and delta recovery
ok 6 - agent workspace exposes explicit connection states and delta recovery
  ---
  duration_ms: 18.122761
  type: 'test'
  ...
# Subtest: media reservations are idempotent and abandoned uploads are quarantined
ok 7 - media reservations are idempotent and abandoned uploads are quarantined
  ---
  duration_ms: 2.48343
  type: 'test'
  ...
# Subtest: already-read detail loads skip the separate read request
ok 8 - already-read detail loads skip the separate read request
  ---
  duration_ms: 9.350418
  type: 'test'
  ...
# Subtest: agent read acknowledgement avoids a duplicate conversation ownership read
ok 9 - agent read acknowledgement avoids a duplicate conversation ownership read
  ---
  duration_ms: 1.966978
  type: 'test'
  ...
# Subtest: conversation detail cursors use normalized timestamp index semantics
ok 10 - conversation detail cursors use normalized timestamp index semantics
  ---
  duration_ms: 4.024463
  type: 'test'
  ...
# (node:3047) ExperimentalWarning: SQLite is an experimental feature and might change at any time
# (Use `node --trace-warnings ...` to show where the warning was created)
# Subtest: daily quota uses Los Angeles natural-day boundaries
ok 11 - daily quota uses Los Angeles natural-day boundaries
  ---
  duration_ms: 22.587861
  type: 'test'
  ...
# Subtest: concurrent routing cannot exceed the daily conversation quota
ok 12 - concurrent routing cannot exceed the daily conversation quota
  ---
  duration_ms: 3.573922
  type: 'test'
  ...
# Subtest: agent inbox returns overview, conversations, messages and media in two requests
ok 13 - agent inbox returns overview, conversations, messages and media in two requests
  ---
  duration_ms: 13.388562
  type: 'test'
  ...
# Subtest: agent inbox filters, searches and prioritizes unread conversations locally
ok 14 - agent inbox filters, searches and prioritizes unread conversations locally
  ---
  duration_ms: 4.289135
  type: 'test'
  ...
# Subtest: agent inbox folds unfiltered overview counts into the conversation scan
ok 15 - agent inbox folds unfiltered overview counts into the conversation scan
  ---
  duration_ms: 1.751903
  type: 'test'
  ...
# Subtest: agent mobile workspace uses separate inbox and thread surfaces
ok 16 - agent mobile workspace uses separate inbox and thread surfaces
  ---
  duration_ms: 2.644384
  type: 'test'
  ...
# Subtest: agent passwords round-trip and reject the wrong password
ok 17 - agent passwords round-trip and reject the wrong password
  ---
  duration_ms: 17.605086
  type: 'test'
  ...
# Subtest: agent password verification rejects invalid credential metadata
ok 18 - agent password verification rejects invalid credential metadata
  ---
  duration_ms: 0.370371
  type: 'test'
  ...
# Subtest: agent inbox realtime events are isolated by authenticated agent id
ok 19 - agent inbox realtime events are isolated by authenticated agent id
  ---
  duration_ms: 1.780496
  type: 'test'
  ...
# Subtest: disabling an agent releases conversations and revokes realtime access
ok 20 - disabling an agent releases conversations and revokes realtime access
  ---
  duration_ms: 0.357742
  type: 'test'
  ...
# Subtest: typing signals stay ephemeral and use authenticated conversation sockets
ok 21 - typing signals stay ephemeral and use authenticated conversation sockets
  ---
  duration_ms: 1.627524
  type: 'test'
  ...
# Subtest: agent workspace offers local sound, typing presence, and searchable slash replies
ok 22 - agent workspace offers local sound, typing presence, and searchable slash replies
  ---
  duration_ms: 0.773471
  type: 'test'
  ...
# Subtest: busy seats stay connected without receiving new conversations
ok 23 - busy seats stay connected without receiving new conversations
  ---
  duration_ms: 9.448015
  type: 'test'
  ...
# Subtest: agent text replies keep short-lived local drafts and retry idempotently
ok 24 - agent text replies keep short-lived local drafts and retry idempotently
  ---
  duration_ms: 5.633079
  type: 'test'
  ...
# Subtest: agent statistics opens inside the workspace instead of navigating away
ok 25 - agent statistics opens inside the workspace instead of navigating away
  ---
  duration_ms: 3.613331
  type: 'test'
  ...
# Subtest: admin statistics opens as a modal with a wrapped day grid
ok 26 - admin statistics opens as a modal with a wrapped day grid
  ---
  duration_ms: 2.086379
  type: 'test'
  ...
# (node:3125) ExperimentalWarning: SQLite is an experimental feature and might change at any time
# (Use `node --trace-warnings ...` to show where the warning was created)
# Subtest: daily agent stats survive conversation retention and prune beyond 45 business days
ok 27 - daily agent stats survive conversation retention and prune beyond 45 business days
  ---
  duration_ms: 1.785453
  type: 'test'
  ...
# (node:3126) ExperimentalWarning: SQLite is an experimental feature and might change at any time
# (Use `node --trace-warnings ...` to show where the warning was created)
# Subtest: seat quota is consumed once and exhausted seats stop receiving traffic
ok 28 - seat quota is consumed once and exhausted seats stop receiving traffic
  ---
  duration_ms: 31.74751
  type: 'test'
  ...
# Subtest: legacy seats remain unlimited until quota control is enabled
ok 29 - legacy seats remain unlimited until quota control is enabled
  ---
  duration_ms: 5.519357
  type: 'test'
  ...
# (node:3137) ExperimentalWarning: SQLite is an experimental feature and might change at any time
# (Use `node --trace-warnings ...` to show where the warning was created)
# Subtest: a conversation counts only for its first receiving seat
ok 30 - a conversation counts only for its first receiving seat
  ---
  duration_ms: 12.25058
  type: 'test'
  ...
# Subtest: agent workspace exposes transfer, requeue, quick replies and product context
ok 31 - agent workspace exposes transfer, requeue, quick replies and product context
  ---
  duration_ms: 5.48145
  type: 'test'
  ...
# Subtest: agent web push is authenticated, seat-scoped and dispatched after visitor writes
ok 32 - agent web push is authenticated, seat-scoped and dispatched after visitor writes
  ---
  duration_ms: 7.902545
  type: 'test'
  ...
# Subtest: statistics period covers every day in the selected calendar month
ok 33 - statistics period covers every day in the selected calendar month
  ---
  duration_ms: 2.170396
  type: 'test'
  ...
# Subtest: admin and agent statistics query the complete calendar month
ok 34 - admin and agent statistics query the complete calendar month
  ---
  duration_ms: 0.75923
  type: 'test'
  ...
# Subtest: new conversations require a UUID v4 source handoff id before any D1 work
ok 35 - new conversations require a UUID v4 source handoff id before any D1 work
  ---
  duration_ms: 41.985502
  type: 'test'
  ...
# (node:3178) ExperimentalWarning: SQLite is an experimental feature and might change at any time
# (Use `node --trace-warnings ...` to show where the warning was created)
# Subtest: visitor conversation quota has a fixed indexed 24-hour cost
ok 36 - visitor conversation quota has a fixed indexed 24-hour cost
  ---
  duration_ms: 12.368727
  type: 'test'
  ...
# Subtest: source quota survives visitor id changes without scanning conversations
ok 37 - source quota survives visitor id changes without scanning conversations
  ---
  duration_ms: 7.874363
  type: 'test'
  ...
# Subtest: source fingerprint stores no raw address and edge limiter is optional
ok 38 - source fingerprint stores no raw address and edge limiter is optional
  ---
  duration_ms: 76.879045
  type: 'test'
  ...
# Subtest: new conversation replay checks share one D1 statement
ok 39 - new conversation replay checks share one D1 statement
  ---
  duration_ms: 1.302813
  type: 'test'
  ...
# Subtest: visitor upsert keeps returning visitors to one D1 statement
ok 40 - visitor upsert keeps returning visitors to one D1 statement
  ---
  duration_ms: 0.273273
  type: 'test'
  ...
# Subtest: stable product routing context avoids unnecessary writes
ok 41 - stable product routing context avoids unnecessary writes
  ---
  duration_ms: 1.479551
  type: 'test'
  ...
# Subtest: new conversation response reuses the broadcaster conversation read
ok 42 - new conversation response reuses the broadcaster conversation read
  ---
  duration_ms: 1.718783
  type: 'test'
  ...
# Subtest: normal routing assignment keeps only the assignment and agent-touch statements
ok 43 - normal routing assignment keeps only the assignment and agent-touch statements
  ---
  duration_ms: 0.322077
  type: 'test'
  ...
# (node:3194) ExperimentalWarning: SQLite is an experimental feature and might change at any time
# (Use `node --trace-warnings ...` to show where the warning was created)
# Subtest: conversation expiry is fixed at 24 hours after creation
ok 44 - conversation expiry is fixed at 24 hours after creation
  ---
  duration_ms: 1.417095
  type: 'test'
  ...
# Subtest: cron cleanup removes conversation trees with bounded D1 work
ok 45 - cron cleanup removes conversation trees with bounded D1 work
  ---
  duration_ms: 24.429189
  type: 'test'
  ...
# Subtest: reporting history cleanup runs once daily and preserves the 400-day window
ok 46 - reporting history cleanup runs once daily and preserves the 400-day window
  ---
  duration_ms: 2.413634
  type: 'test'
  ...
# (node:3201) ExperimentalWarning: SQLite is an experimental feature and might change at any time
# (Use `node --trace-warnings ...` to show where the warning was created)
# Subtest: admin can save multiple whole-section routing rules in one request
ok 47 - admin can save multiple whole-section routing rules in one request
  ---
  duration_ms: 120.145097
  type: 'test'
  ...
# Subtest: isolated client -> routing -> agent -> client flow works through real Hono handlers
ok 48 - isolated client -> routing -> agent -> client flow works through real Hono handlers
  ---
  duration_ms: 75.756725
  type: 'test'
  ...
# (node:3213) ExperimentalWarning: SQLite is an experimental feature and might change at any time
# (Use `node --trace-warnings ...` to show where the warning was created)
# Subtest: large product catalogs sync with bounded D1 query count
ok 49 - large product catalogs sync with bounded D1 query count
  ---
  duration_ms: 92.402049
  type: 'test'
  ...
# (node:3220) ExperimentalWarning: SQLite is an experimental feature and might change at any time
# (Use `node --trace-warnings ...` to show where the warning was created)
# Subtest: modern schema removes rollout-only routing tables
ok 50 - modern schema removes rollout-only routing tables
  ---
  duration_ms: 35.844674
  type: 'test'
  ...
# Subtest: runtime source no longer references legacy routing services
ok 51 - runtime source no longer references legacy routing services
  ---
  duration_ms: 4.654487
  type: 'test'
  ...
# Subtest: new media reservations avoid a post-insert read and scan limits once
ok 52 - new media reservations avoid a post-insert read and scan limits once
  ---
  duration_ms: 1.291325
  type: 'test'
  ...
# Subtest: visitor media ownership folds project validation into the normal D1 read
ok 53 - visitor media ownership folds project validation into the normal D1 read
  ---
  duration_ms: 0.273704
  type: 'test'
  ...
# Subtest: media completion keeps R2 verification while skipping stable overview scans
ok 54 - media completion keeps R2 verification while skipping stable overview scans
  ---
  duration_ms: 0.326034
  type: 'test'
  ...
# Subtest: agent text sends use a slim ownership read and do not reread inserted messages
ok 55 - agent text sends use a slim ownership read and do not reread inserted messages
  ---
  duration_ms: 1.231604
  type: 'test'
  ...
# Subtest: visitor text sends keep duplicate reads off the normal write path
ok 56 - visitor text sends keep duplicate reads off the normal write path
  ---
  duration_ms: 0.48871
  type: 'test'
  ...
# Subtest: realtime overview scans run only when assignment or status counts can change
ok 57 - realtime overview scans run only when assignment or status counts can change
  ---
  duration_ms: 0.360676
  type: 'test'
  ...
# (node:3247) ExperimentalWarning: SQLite is an experimental feature and might change at any time
# (Use `node --trace-warnings ...` to show where the warning was created)
# Subtest: agents covering the same section receive conversations round-robin
ok 58 - agents covering the same section receive conversations round-robin
  ---
  duration_ms: 24.336869
  type: 'test'
  ...
# Subtest: one agent can cover multiple whole sections
ok 59 - one agent can cover multiple whole sections
  ---
  duration_ms: 2.610022
  type: 'test'
  ...
# Subtest: configured category remains waiting when its scoped agent is unavailable
ok 60 - configured category remains waiting when its scoped agent is unavailable
  ---
  duration_ms: 1.764972
  type: 'test'
  ...
# Subtest: section scope automatically covers a newly introduced product
ok 61 - section scope automatically covers a newly introduced product
  ---
  duration_ms: 1.646093
  type: 'test'
  ...
# Subtest: explicit product scope matches only the selected product
ok 62 - explicit product scope matches only the selected product
  ---
  duration_ms: 1.695848
  type: 'test'
  ...
# Subtest: conversation without a routing scope remains waiting
ok 63 - conversation without a routing scope remains waiting
  ---
  duration_ms: 1.600783
  type: 'test'
  ...
# Subtest: concurrent assignments respect capacity and spread work across eligible agents
ok 64 - concurrent assignments respect capacity and spread work across eligible agents
  ---
  duration_ms: 3.824491
  type: 'test'
  ...
# Subtest: daily conversation limit closes routing after quota and reopens next business day
ok 65 - daily conversation limit closes routing after quota and reopens next business day
  ---
  duration_ms: 4.549529
  type: 'test'
  ...
# Subtest: removed protocol prefixes are blocked before routing or assets
ok 66 - removed protocol prefixes are blocked before routing or assets
  ---
  duration_ms: 1.83578
  type: 'test'
  ...
# Subtest: current application protocols are not blocked
ok 67 - current application protocols are not blocked
  ---
  duration_ms: 0.193092
  type: 'test'
  ...
# Subtest: agent push keeps expired-subscription cleanup off the message hot path
ok 68 - agent push keeps expired-subscription cleanup off the message hot path
  ---
  duration_ms: 0.946453
  type: 'test'
  ...
# Subtest: visitor push resolves identity, subscription and VAPID in one D1 read
ok 69 - visitor push resolves identity, subscription and VAPID in one D1 read
  ---
  duration_ms: 0.175195
  type: 'test'
  ...
# Subtest: expired push subscriptions are cleaned in one bounded daily cron window
ok 70 - expired push subscriptions are cleaned in one bounded daily cron window
  ---
  duration_ms: 1.438018
  type: 'test'
  ...
# Subtest: visitor media completion reuses assignment state from the update batch
ok 71 - visitor media completion reuses assignment state from the update batch
  ---
  duration_ms: 0.176247
  type: 'test'
  ...
# Subtest: agent PWA opens directly into the standalone workspace
ok 72 - agent PWA opens directly into the standalone workspace
  ---
  duration_ms: 1.812595
  type: 'test'
  ...
# Subtest: agent service worker shows background messages and focuses workspace
ok 73 - agent service worker shows background messages and focuses workspace
  ---
  duration_ms: 5.964682
  type: 'test'
  ...
# (node:3269) ExperimentalWarning: SQLite is an experimental feature and might change at any time
# (Use `node --trace-warnings ...` to show where the warning was created)
# Subtest: read receipt migration adds persistent agent read state
ok 74 - read receipt migration adds persistent agent read state
  ---
  duration_ms: 1.460432
  type: 'test'
  ...
# Subtest: realtime protocol carries deltas instead of forcing REST refreshes
ok 75 - realtime protocol carries deltas instead of forcing REST refreshes
  ---
  duration_ms: 1.024331
  type: 'test'
  ...
# Subtest: assignment trigger does not prune reporting history on every reception
ok 76 - assignment trigger does not prune reporting history on every reception
  ---
  duration_ms: 0.863488
  type: 'test'
  ...
# Subtest: scheduled reporting retention uses indexed site and business date predicates
ok 77 - scheduled reporting retention uses indexed site and business date predicates
  ---
  duration_ms: 0.245602
  type: 'test'
  ...
# Subtest: routing scope validation checks only requested identifiers
ok 78 - routing scope validation checks only requested identifiers
  ---
  duration_ms: 1.59845
  type: 'test'
  ...
# Subtest: routing scope writes use one bulk insert per scope
ok 79 - routing scope writes use one bulk insert per scope
  ---
  duration_ms: 2.102864
  type: 'test'
  ...
# Subtest: runtime does not mount the legacy chat application
ok 80 - runtime does not mount the legacy chat application
  ---
  duration_ms: 1.206707
  type: 'test'
  ...
# Subtest: core keeps unknown API paths out of the SPA asset fallback
ok 81 - core keeps unknown API paths out of the SPA asset fallback
  ---
  duration_ms: 0.316729
  type: 'test'
  ...
# Subtest: admin dashboard stores and submits routing scopes without expanded product arrays
ok 82 - admin dashboard stores and submits routing scopes without expanded product arrays
  ---
  duration_ms: 2.545715
  type: 'test'
  ...
# (node:3324) ExperimentalWarning: SQLite is an experimental feature and might change at any time
# (Use `node --trace-warnings ...` to show where the warning was created)
# Subtest: waiting recovery fills seat capacity in one bounded D1 batch
ok 83 - waiting recovery fills seat capacity in one bounded D1 batch
  ---
  duration_ms: 31.30471
  type: 'test'
  ...
1..83
# tests 83
# suites 0
# pass 83
# fail 0
# cancelled 0
# skipped 0
# todo 0
# duration_ms 1625.010824
